// Jest Snapshot v1, https://goo.gl/fbAQLP

exports[`<Login/> renders a snapshot 1`] = `
<form
  onSubmit={[Function]}
  style={
    Object {
      "display": "flex",
      "flexDirection": "column",
      "justifyContent": "flex-begin",
      "margin": "5% 38%",
    }
  }
>
  <h2
    style={
      Object {
        "alignSelf": "center",
      }
    }
  >
    Login
  </h2>
  <div
    style={
      Object {
        "alignItems": "center",
        "display": "flex",
        "justifyContent": "space-between",
        "margin": "3% 0%",
      }
    }
  >
    <label
      htmlFor="email"
      style={
        Object {
          "fontSize": "150%",
          "margin": "0% 2%",
        }
      }
    >
      Email
    </label>
    <input
      onChange={[Function]}
      style={
        Object {
          "fontSize": "125%",
          "height": "30px",
          "margin": "0% 2%",
          "textIndent": "5px",
          "width": "250px",
        }
      }
      type="text"
      value=""
    />
  </div>
  <div
    style={
      Object {
        "alignItems": "center",
        "display": "flex",
        "justifyContent": "space-between",
        "margin": "3% 0%",
      }
    }
  >
    <label
      htmlFor="email"
      style={
        Object {
          "fontSize": "150%",
          "margin": "0% 2%",
        }
      }
    >
      Password
    </label>
    <input
      onChange={[Function]}
      style={
        Object {
          "fontSize": "125%",
          "height": "30px",
          "margin": "0% 2%",
          "textIndent": "5px",
          "width": "250px",
        }
      }
      type="text"
      value=""
    />
  </div>
  <button
    onSubmit={[Function]}
    style={
      Object {
        "alignSelf": "center",
        "backgroundColor": "#8e8e8e",
        "borderRadius": "5%",
        "fontSize": "150%",
        "height": "40px",
        "margin": "3% 0%",
        "width": "250px",
      }
    }
    type="submit"
  >
    Submit
  </button>
  <div />
</form>
`;
